{
  packets: 3,
  continuityErrors: 0,
  pmtPid: 256,
  videoPid: 257,
  videoStreamType: 2,
  cea608Pairs: 2,
  cea708Triples: 0,
  captionServices: [],
  queuedCues: 1,
  selectedService: 'CC1'
}
OUT= "HI"
{
  packets: 3,
  continuityErrors: 0,
  pmtPid: 256,
  videoPid: 257,
  videoStreamType: 2,
  cea608Pairs: 0,
  cea708Triples: 2,
  captionServices: [],
  queuedCues: 1,
  selectedService: '708-1'
}
OUT= "OK"
performance watchdog PASS
session state PASS
session state v2 PASS
library utils PASS
commercial skip PASS
PASS fast startup stays one segment regardless of reserve or producer rate
PASS buffer settings clamp and validate
PASS short finished clip can start with one segment
PASS separate startup and ongoing reserve targets
PASS recording buffering cannot force live-edge jumps or rate catch-up
PASS bounded back buffer and worker-enabled transmuxer
PASS auto resolution follows usable window and caps rendering load
PASS fixed rendering resolution does not crop desktop or portrait windows
PASS short click sends one click and suppresses browser duplicate
PASS hold opens at 575ms, never clicks underlying item
PASS touch primary pointer supports hold
PASS secondary touch cannot steal hold
PASS drag cancels hold and releases without activating
PASS 12px tolerance uses CSS rather than canvas pixels
PASS cancelled hold and synthetic click cannot select
PASS cancelled drag still releases
PASS right hold opens remote; short right click remains native
PASS left double-click opens without prior activation
PASS single click with double-click trigger delivered after window
PASS right double-click opens and middle-click trigger works
PASS mouse X-button back is a command, not a click
PASS Guide hint parser avoids unrelated menu names
PASS ENDLIST does not recover before normal buffered end
PASS bounded recovery budget does not silently reset
PASS video-mask assist accepts color key and clips trusted preview
PASS dark clear can reveal fullscreen video, not tiny black UI buttons
PASS menu navigation suppresses stale black-fill video hole
MiniClient core: 27 tests PASS
PASS new default uses browser-owned cover viewport
PASS explicit fit/stretch/native remain selectable
PASS window canvas fills all CSS pixels despite native size cap
PASS fixed UI preserves complete logical picture
PASS inset near-full native video is expanded once, not fitted twice
PASS explicit small native preview remains native
PASS preview positioning uses same axes as UI pointer mapping
PASS fullscreen video ignores fixed-UI letterbox offsets
PASS native override preserves exact destination even near full
PASS invalid geometry falls back to sane screen rectangle
PASS fullscreen border mattes recognized without geometry mutation
PASS translucent native OSD and colored panels are retained
PASS menu suspension and native preview do not erase mattes
PASS small black UI button is never a fullscreen border matte
MiniClient display policy: 14 tests PASS
PASS starts on one published segment, no fixed 10-second gate
PASS manual startup threshold respected without blocking
PASS short completed media does not wait for nonexistent segments
PASS starvation pauses, replenished buffer resumes without undefined variable
PASS user pause is not overridden by buffer refill
PASS rebuffering reports play intent, not temporary video.pause
PASS finished producer with unplayed content is not restarted
PASS premature end recovery includes atomic absolute position and expected session
PASS recovery counter persists across recovery sessions and caps at six
PASS old asynchronous vendor load cannot attach to new recording
PASS old status response cannot replace new session status
PASS concurrent status polls share one request
PASS seek startup reports offset without retaining prior currentTime
PASS seek preserves pause intent
PASS autoplay denied displays user action; gesture retries
PASS normal end does not loop recovery
PASS native HLS uses same startup and pause policy
PASS old interrupted play promise cannot mutate replacement
PASS completed recording duration replaces scheduled duration
PASS first appended fragment expands 6s startup target to 180s without reloading
PASS low-delay startup still fills a large ongoing reserve
PASS forward reserve change applies while playing without resetting playback
PASS settings unrelated to buffering preserve a library memory reduction
PASS loader is woken with 20s still buffered instead of waiting to stall
PASS refill continues while paused without autoplaying
PASS normal appends fill reserve and continue topping up during long playback
PASS no refill restart at target or when producer has no additional data
PASS active slow fragment gets its timeout before a loader wakeup
PASS buffer quota pressure reduces reserve and remains reduced
PASS new recording resets phase and ignores old buffered callbacks
PASS available server reserve is not discarded when producer stops advancing
MiniClient playback: 31 tests PASS
PASS web settings match validated server ranges, migrate schema 1, and preserve literal CEA choices
PASS MPEG-TS startup is independent of large reserve and never uses HLS segment gate
PASS DVR lazy loading is enabled instead of live-edge chasing with unbounded download
PASS MPEG-TS workers and backward-buffer cleanup are requested explicitly
PASS progress/repeated status does not restart a healthy TS loader
PASS pause keeps TS loader alive and never turns buffer refill into Play
PASS TS error requests one guarded fallback at absolute recording position
PASS strict no-fallback policy stops with useful error instead of changing codec
PASS old asynchronous mpegts vendor load cannot attach over a replacement stream
PASS TS seek tears down old MSE owner and preserves paused state
PASS completed TS production with an unplayed reserve does not trigger recovery
PASS unsupported MSE invokes compatibility fallback without claiming playback
PASS CEA-608 side-channel triples reach the real decoder and render by media time
PASS CEA-708 side-channel service selection remains separate from CC1
PASS bounded caption history retains cursor position during long playback
PASS real FFmpeg original-video sidecar renders HI using browser caption decoder
PASS caption fetch responses from a stopped recording cannot paint the next video
MPEG-TS/settings/captions: 17 tests PASS (mpegts.js adapter mocked; codec/CC parser tests real)
