PASS teletext-188.ts discovers page 888 service across arbitrary source chunks
PASS teletext-188.ts decodes first Level-1 row at source PTS origin
PASS teletext-188.ts decodes ordered page update
PASS teletext-188.ts emits erase/clear cue
PASS teletext-192.ts discovers page 888 service across arbitrary source chunks
PASS teletext-192.ts decodes first Level-1 row at source PTS origin
PASS teletext-192.ts decodes ordered page update
PASS teletext-192.ts emits erase/clear cue
PASS teletext-204.ts discovers page 888 service across arbitrary source chunks
PASS teletext-204.ts decodes first Level-1 row at source PTS origin
PASS teletext-204.ts decodes ordered page update
PASS teletext-204.ts emits erase/clear cue
PASS client A Teletext parser cannot publish into client B cue queue
PASS client B has independent parser/page state
PASS stopping client A leaves client B unchanged
PASS DVB-bitmap-only transport is not misclassified as Teletext
PASS negative transport diagnostic distinguishes no Teletext descriptor
PASS pre-seek cues exist
PASS seek clears old cue queue before new generation
PASS seek generation reanchors Teletext to new recording position
PASS positive caption delay presents Teletext later without changing source PTS
PASS presentation drain is driven by browser media time, not native OSD lifetime
PASS FLUSH retires prior Teletext callbacks
PASS explicit page/language resolves seeded service before PES arrives
PASS virtual CC2 Teletext slot resolves a distinct service when available
PASS Off remains authoritative for local Teletext
PASS bounded diagnostics distinguish descriptor/PES/data-unit/decoded stages without media payload
PASS Teletext diagnostics do not export decoded subtitle text
P03 Teletext subtitle: 28 PASS
